###############################################################################
#
# IAR ELF Linker V8.32.3.193/W32 for ARM                  07/Nov/2021  17:08:39
# Copyright 2007-2019 IAR Systems AB.
#
#    Output file  =  
#        D:\双车代码\电赛真B\Project\IAR\program\Debug\Exe\MM32F3277.out
#    Map file     =  
#        D:\双车代码\电赛真B\Project\IAR\program\Debug\List\MM32F3277.map
#    Command line =  
#        -f C:\Users\ADMINI~1\AppData\Local\Temp\EWE5DC.tmp
#        (D:\双车代码\电赛真B\Project\IAR\program\Debug\Obj\board.o
#        D:\双车代码\电赛真B\Project\IAR\program\Debug\Obj\common.o
#        D:\双车代码\电赛真B\Project\IAR\program\Debug\Obj\Control.o
#        D:\双车代码\电赛真B\Project\IAR\program\Debug\Obj\FUZZ.o
#        D:\双车代码\电赛真B\Project\IAR\program\Debug\Obj\hal_adc.o
#        D:\双车代码\电赛真B\Project\IAR\program\Debug\Obj\hal_bkp.o
#        D:\双车代码\电赛真B\Project\IAR\program\Debug\Obj\hal_can.o
#        D:\双车代码\电赛真B\Project\IAR\program\Debug\Obj\hal_comp.o
#        D:\双车代码\电赛真B\Project\IAR\program\Debug\Obj\hal_crc.o
#        D:\双车代码\电赛真B\Project\IAR\program\Debug\Obj\hal_crs.o
#        D:\双车代码\电赛真B\Project\IAR\program\Debug\Obj\hal_dac.o
#        D:\双车代码\电赛真B\Project\IAR\program\Debug\Obj\hal_dbg.o
#        D:\双车代码\电赛真B\Project\IAR\program\Debug\Obj\hal_dma.o
#        D:\双车代码\电赛真B\Project\IAR\program\Debug\Obj\hal_eth.o
#        D:\双车代码\电赛真B\Project\IAR\program\Debug\Obj\hal_exti.o
#        D:\双车代码\电赛真B\Project\IAR\program\Debug\Obj\hal_flash.o
#        D:\双车代码\电赛真B\Project\IAR\program\Debug\Obj\hal_fsmc.o
#        D:\双车代码\电赛真B\Project\IAR\program\Debug\Obj\hal_gpio.o
#        D:\双车代码\电赛真B\Project\IAR\program\Debug\Obj\hal_i2c.o
#        D:\双车代码\电赛真B\Project\IAR\program\Debug\Obj\hal_iwdg.o
#        D:\双车代码\电赛真B\Project\IAR\program\Debug\Obj\hal_misc.o
#        D:\双车代码\电赛真B\Project\IAR\program\Debug\Obj\hal_pwr.o
#        D:\双车代码\电赛真B\Project\IAR\program\Debug\Obj\hal_rcc.o
#        D:\双车代码\电赛真B\Project\IAR\program\Debug\Obj\hal_rtc.o
#        D:\双车代码\电赛真B\Project\IAR\program\Debug\Obj\hal_sdio.o
#        D:\双车代码\电赛真B\Project\IAR\program\Debug\Obj\hal_spi.o
#        D:\双车代码\电赛真B\Project\IAR\program\Debug\Obj\hal_tim.o
#        D:\双车代码\电赛真B\Project\IAR\program\Debug\Obj\hal_uart.o
#        D:\双车代码\电赛真B\Project\IAR\program\Debug\Obj\hal_uid.o
#        D:\双车代码\电赛真B\Project\IAR\program\Debug\Obj\hal_ver.o
#        D:\双车代码\电赛真B\Project\IAR\program\Debug\Obj\hal_wwdg.o
#        D:\双车代码\电赛真B\Project\IAR\program\Debug\Obj\isr.o
#        D:\双车代码\电赛真B\Project\IAR\program\Debug\Obj\main.o
#        D:\双车代码\电赛真B\Project\IAR\program\Debug\Obj\MENU.o
#        D:\双车代码\电赛真B\Project\IAR\program\Debug\Obj\Picture.o
#        D:\双车代码\电赛真B\Project\IAR\program\Debug\Obj\SEEKFREE_18TFT.o
#        D:\双车代码\电赛真B\Project\IAR\program\Debug\Obj\SEEKFREE_7725.o
#        D:\双车代码\电赛真B\Project\IAR\program\Debug\Obj\SEEKFREE_ABSOLUTE_ENCODER.o
#        D:\双车代码\电赛真B\Project\IAR\program\Debug\Obj\SEEKFREE_FONT.o
#        D:\双车代码\电赛真B\Project\IAR\program\Debug\Obj\SEEKFREE_ICM20602.o
#        D:\双车代码\电赛真B\Project\IAR\program\Debug\Obj\SEEKFREE_IIC.o
#        D:\双车代码\电赛真B\Project\IAR\program\Debug\Obj\SEEKFREE_IPS114_SPI.o
#        D:\双车代码\电赛真B\Project\IAR\program\Debug\Obj\SEEKFREE_IPS200_PARALLEL8.o
#        D:\双车代码\电赛真B\Project\IAR\program\Debug\Obj\SEEKFREE_L3G4200D.o
#        D:\双车代码\电赛真B\Project\IAR\program\Debug\Obj\SEEKFREE_MMA8451.o
#        D:\双车代码\电赛真B\Project\IAR\program\Debug\Obj\SEEKFREE_MPU6050.o
#        D:\双车代码\电赛真B\Project\IAR\program\Debug\Obj\SEEKFREE_MT9V03X.o
#        D:\双车代码\电赛真B\Project\IAR\program\Debug\Obj\SEEKFREE_OLED.o
#        D:\双车代码\电赛真B\Project\IAR\program\Debug\Obj\SEEKFREE_PRINTF.o
#        D:\双车代码\电赛真B\Project\IAR\program\Debug\Obj\SEEKFREE_TSL1401.o
#        D:\双车代码\电赛真B\Project\IAR\program\Debug\Obj\SEEKFREE_UART_7725.o
#        D:\双车代码\电赛真B\Project\IAR\program\Debug\Obj\SEEKFREE_VIRSCO.o
#        D:\双车代码\电赛真B\Project\IAR\program\Debug\Obj\SEEKFREE_WIRELESS.o
#        D:\双车代码\电赛真B\Project\IAR\program\Debug\Obj\startup_mm32f327x_iar.o
#        D:\双车代码\电赛真B\Project\IAR\program\Debug\Obj\system_mm32f327x.o
#        D:\双车代码\电赛真B\Project\IAR\program\Debug\Obj\zf_adc.o
#        D:\双车代码\电赛真B\Project\IAR\program\Debug\Obj\zf_camera.o
#        D:\双车代码\电赛真B\Project\IAR\program\Debug\Obj\zf_exti.o
#        D:\双车代码\电赛真B\Project\IAR\program\Debug\Obj\zf_flash.o
#        D:\双车代码\电赛真B\Project\IAR\program\Debug\Obj\zf_fsmc.o
#        D:\双车代码\电赛真B\Project\IAR\program\Debug\Obj\zf_gpio.o
#        D:\双车代码\电赛真B\Project\IAR\program\Debug\Obj\zf_pit.o
#        D:\双车代码\电赛真B\Project\IAR\program\Debug\Obj\zf_pwm.o
#        D:\双车代码\电赛真B\Project\IAR\program\Debug\Obj\zf_spi.o
#        D:\双车代码\电赛真B\Project\IAR\program\Debug\Obj\zf_systick.o
#        D:\双车代码\电赛真B\Project\IAR\program\Debug\Obj\zf_tim.o
#        D:\双车代码\电赛真B\Project\IAR\program\Debug\Obj\zf_uart.o
#        --no_out_extension -o
#        D:\双车代码\电赛真B\Project\IAR\program\Debug\Exe\MM32F3277.out
#        --map
#        D:\双车代码\电赛真B\Project\IAR\program\Debug\List\MM32F3277.map
#        --config D:\双车代码\电赛真B\Project\IAR\program\MM32F3270.icf
#        --semihosting --entry __iar_program_start --vfe --text_out locale)
#
###############################################################################

*******************************************************************************
*** RUNTIME MODEL ATTRIBUTES
***

CppFlavor       = *
__SystemLibrary = DLib
__dlib_version  = 6


*******************************************************************************
*** HEAP SELECTION
***

The basic heap was selected because no calls to memory allocation
functions were found in the application outside of system library
functions, and there are calls to deallocation functions in the
application.


*******************************************************************************
*** PLACEMENT SUMMARY
***

"A0":  place at 0x800'0000 { ro section .intvec };
"P1":  place in [from 0x800'0000 to 0x807'ffff] { ro };
define block CSTACK with size = 2K, alignment = 8 { };
define block HEAP with size = 2K, alignment = 8 { };
"P2":  place in [from 0x2000'0000 to 0x2001'ffff] {
          rw, block CSTACK, block HEAP };
initialize by copy { rw };

  Section            Kind         Address    Size  Object
  -------            ----         -------    ----  ------
"A0":                                       0x190
  .intvec            ro code   0x800'0000   0x190  startup_mm32f327x_iar.o [1]
                             - 0x800'0190   0x190

"P1":                                      0x763f
  .text              ro code   0x800'0190  0x1220  MENU.o [1]
  .text              ro code   0x800'13b0   0x2e0  zf_gpio.o [1]
  .text              ro code   0x800'1690   0x1d0  zf_tim.o [1]
  .text              ro code   0x800'1860   0x3b8  zf_pwm.o [1]
  .text              ro code   0x800'1c18   0x140  zf_flash.o [1]
  .text              ro code   0x800'1d58   0x918  SEEKFREE_18TFT.o [1]
  .text              ro code   0x800'2670   0x138  SEEKFREE_ICM20602.o [1]
  .text              ro code   0x800'27a8   0x278  SEEKFREE_MT9V03X.o [1]
  .text              ro code   0x800'2a20   0x280  zf_uart.o [1]
  .text              ro code   0x800'2ca0   0x10c  zf_pit.o [1]
  .text              ro code   0x800'2dac    0x50  zf_systick.o [1]
  .text              ro code   0x800'2dfc    0x48  FltToDbl.o [3]
  .text              ro code   0x800'2e44   0x17a  DblAdd.o [3]
  .text              ro code   0x800'2fbe    0x7a  lz77_init_single.o [4]
  .text              ro code   0x800'3038    0x68  DblToFlt.o [3]
  .text              ro code   0x800'30a0   0x108  zf_exti.o [1]
  .text              ro code   0x800'31a8    0x1c  U32ToFlt.o [3]
  .text              ro code   0x800'31c4    0xfc  FltDiv.o [3]
  .text              ro code   0x800'32c0    0xd8  FltMul.o [3]
  .text              ro code   0x800'3398    0x2a  FltToS32.o [3]
  .text              ro code   0x800'33c2    0x3a  zero_init3.o [4]
  .text              ro code   0x800'33fc   0x100  hal_flash.o [1]
  .text              ro code   0x800'34fc   0x2c0  zf_spi.o [1]
  .text              ro code   0x800'37bc    0x2e  DblCmpLe.o [3]
  .text              ro code   0x800'37ea     0x2  startup_mm32f327x_iar.o [1]
  .text              ro code   0x800'37ec   0x394  SEEKFREE_PRINTF.o [1]
  .text              ro code   0x800'3b80   0x31c  SEEKFREE_IIC.o [1]
  .text              ro code   0x800'3e9c    0x2c  common.o [1]
  .text              ro code   0x800'3ec8   0x1d4  zf_camera.o [1]
  .text              ro code   0x800'409c    0x6c  hal_rcc.o [1]
  .text              ro code   0x800'4108    0x70  hal_misc.o [1]
  .text              ro code   0x800'4178    0xe2  DblSub.o [3]
  .text              ro code   0x800'425c   0x138  hal_exti.o [1]
  .text              ro code   0x800'4394    0xa6  ABImemcpy.o [4]
  .text              ro code   0x800'443c    0x3a  DblToS32.o [3]
  .text              ro code   0x800'4478    0x22  S32ToDbl.o [3]
  .text              ro code   0x800'449c   0x1a2  DblMul.o [3]
  .text              ro code   0x800'4640    0x20  DblCmpEq.o [3]
  .text              ro code   0x800'4660   0x128  hal_dma.o [1]
  .text              ro code   0x800'4788   0x138  hal_tim.o [1]
  .text              ro code   0x800'48c0  0x1010  Control.o [1]
  .text              ro code   0x800'58d0   0x246  DblDiv.o [3]
  .text              ro code   0x800'5b18    0x24  S32ToFlt.o [3]
  .text              ro code   0x800'5b3c    0xe2  FltAdd.o [3]
  .text              ro code   0x800'5c20    0x2e  DblCmpGe.o [3]
  .text              ro code   0x800'5c50    0x28  DblToU32.o [3]
  .text              ro code   0x800'5c78    0x80  FltSub.o [3]
  .text              ro code   0x800'5cf8   0x7b2  Picture.o [1]
  .text              ro code   0x800'64aa     0x8  abs.o [2]
  .text              ro code   0x800'64b4     0x6  ABImemclr4.o [4]
  .text              ro code   0x800'64bc    0x24  FltCmpLe.o [3]
  .text              ro code   0x800'64e0    0x32  ABImemset48.o [4]
  .rodata            const     0x800'6514   0x5f0  SEEKFREE_FONT.o [1]
  .text              ro code   0x800'6b04   0x524  isr.o [1]
  .text              ro code   0x800'7028    0x7c  SEEKFREE_UART_7725.o [1]
  .text              ro code   0x800'70a4    0x34  SEEKFREE_7725.o [1]
  .text              ro code   0x800'70d8   0x2b0  system_mm32f327x.o [1]
  .text              ro code   0x800'7388    0x98  main.o [1]
  .text              ro code   0x800'7420    0x28  data_init.o [4]
  .iar.init_table    const     0x800'7448    0x20  - Linker created -
  .text              ro code   0x800'7468    0x1e  cmain.o [4]
  .text              ro code   0x800'7486     0x4  low_level_init.o [2]
  .text              ro code   0x800'748a     0x4  exit.o [2]
  .text              ro code   0x800'7490     0xa  cexit.o [4]
  .text              ro code   0x800'749c    0x14  exit.o [5]
  .rodata            const     0x800'74b0    0x10  MENU.o [1]
  .text              ro code   0x800'74c0    0x10  startup_mm32f327x_iar.o [1]
  .rodata            const     0x800'74d0     0xc  MENU.o [1]
  .rodata            const     0x800'74dc     0xc  MENU.o [1]
  .rodata            const     0x800'74e8     0xc  MENU.o [1]
  .rodata            const     0x800'74f4     0xc  MENU.o [1]
  .rodata            const     0x800'7500     0xc  MENU.o [1]
  .rodata            const     0x800'750c     0xc  MENU.o [1]
  .rodata            const     0x800'7518     0xc  MENU.o [1]
  .rodata            const     0x800'7524     0xc  MENU.o [1]
  .rodata            const     0x800'7530     0xc  MENU.o [1]
  .rodata            const     0x800'753c     0xc  MENU.o [1]
  .rodata            const     0x800'7548     0xc  MENU.o [1]
  .rodata            const     0x800'7554     0xc  MENU.o [1]
  .rodata            const     0x800'7560     0xc  MENU.o [1]
  .rodata            const     0x800'756c     0xc  MENU.o [1]
  .rodata            const     0x800'7578     0xc  MENU.o [1]
  .rodata            const     0x800'7584     0xc  MENU.o [1]
  .rodata            const     0x800'7590     0xc  MENU.o [1]
  .rodata            const     0x800'759c     0xc  MENU.o [1]
  .rodata            const     0x800'75a8     0xc  MENU.o [1]
  .rodata            const     0x800'75b4     0xc  MENU.o [1]
  .rodata            const     0x800'75c0     0xc  MENU.o [1]
  .rodata            const     0x800'75cc     0xc  MENU.o [1]
  .rodata            const     0x800'75d8     0xc  MENU.o [1]
  .rodata            const     0x800'75e4     0xc  MENU.o [1]
  .rodata            const     0x800'75f0     0xc  MENU.o [1]
  .rodata            const     0x800'75fc     0xc  MENU.o [1]
  .text              ro code   0x800'7608     0xc  cstartup_M.o [4]
  .rodata            const     0x800'7614     0x8  MENU.o [1]
  .rodata            const     0x800'761c     0x8  MENU.o [1]
  .rodata            const     0x800'7624     0x8  MENU.o [1]
  .rodata            const     0x800'762c     0x8  MENU.o [1]
  .rodata            const     0x800'7634     0x8  MENU.o [1]
  .rodata            const     0x800'763c     0x8  MENU.o [1]
  .rodata            const     0x800'7644     0x8  MENU.o [1]
  .rodata            const     0x800'764c     0x8  MENU.o [1]
  .rodata            const     0x800'7654     0x8  MENU.o [1]
  .rodata            const     0x800'765c     0x8  MENU.o [1]
  .rodata            const     0x800'7664     0x8  MENU.o [1]
  .rodata            const     0x800'766c     0x8  MENU.o [1]
  .rodata            const     0x800'7674     0x8  MENU.o [1]
  .rodata            const     0x800'767c     0x8  MENU.o [1]
  .rodata            const     0x800'7684     0x8  MENU.o [1]
  .rodata            const     0x800'768c     0x8  MENU.o [1]
  .rodata            const     0x800'7694     0x8  MENU.o [1]
  .rodata            const     0x800'769c     0x8  MENU.o [1]
  .rodata            const     0x800'76a4     0x8  MENU.o [1]
  .rodata            const     0x800'76ac     0x8  MENU.o [1]
  .rodata            const     0x800'76b4     0x8  zf_pit.o [1]
  .rodata            const     0x800'76bc     0x0  zero_init3.o [4]
  .rodata            const     0x800'76bc     0x0  lz77_init_single.o [4]
  Initializer bytes  const     0x800'76bc   0x113  <for P2-1>
                             - 0x800'77cf  0x763f

"P2", part 1 of 3:                          0x172
  P2-1                        0x2000'0000   0x172  <Init block>
    .data            inited   0x2000'0000     0x4  Control.o [1]
    .data            inited   0x2000'0004     0x4  Control.o [1]
    .data            inited   0x2000'0008     0x4  Control.o [1]
    .data            inited   0x2000'000c     0x4  Control.o [1]
    .data            inited   0x2000'0010     0x4  Control.o [1]
    .data            inited   0x2000'0014     0x4  Control.o [1]
    .data            inited   0x2000'0018     0x4  Control.o [1]
    .data            inited   0x2000'001c     0x4  Control.o [1]
    .data            inited   0x2000'0020     0x4  Control.o [1]
    .data            inited   0x2000'0024     0x4  Control.o [1]
    .data            inited   0x2000'0028     0x4  Control.o [1]
    .data            inited   0x2000'002c     0x4  Control.o [1]
    .data            inited   0x2000'0030     0x4  Control.o [1]
    .data            inited   0x2000'0034     0x4  Control.o [1]
    .data            inited   0x2000'0038     0x4  Control.o [1]
    .data            inited   0x2000'003c     0x4  Control.o [1]
    .data            inited   0x2000'0040     0x4  Control.o [1]
    .data            inited   0x2000'0044     0x4  Control.o [1]
    .data            inited   0x2000'0048     0x4  Control.o [1]
    .data            inited   0x2000'004c     0x4  Control.o [1]
    .data            inited   0x2000'0050     0x4  Control.o [1]
    .data            inited   0x2000'0054     0x4  Control.o [1]
    .data            inited   0x2000'0058     0x4  Control.o [1]
    .data            inited   0x2000'005c     0x4  Control.o [1]
    .data            inited   0x2000'0060     0x4  Control.o [1]
    .data            inited   0x2000'0064     0x8  Control.o [1]
    .data            inited   0x2000'006c     0x4  Control.o [1]
    .data            inited   0x2000'0070     0x4  Control.o [1]
    .data            inited   0x2000'0074     0x4  Control.o [1]
    .data            inited   0x2000'0078     0x4  MENU.o [1]
    .data            inited   0x2000'007c     0x4  MENU.o [1]
    .data            inited   0x2000'0080     0x4  Picture.o [1]
    .data            inited   0x2000'0084     0x4  Picture.o [1]
    .data            inited   0x2000'0088     0x4  Picture.o [1]
    .data            inited   0x2000'008c     0x4  Picture.o [1]
    .data            inited   0x2000'0090     0x4  Picture.o [1]
    .data            inited   0x2000'0094     0x4  Picture.o [1]
    .data            inited   0x2000'0098     0x4  Picture.o [1]
    .data            inited   0x2000'009c     0x4  Picture.o [1]
    .data            inited   0x2000'00a0     0x4  Picture.o [1]
    .data            inited   0x2000'00a4     0x4  Picture.o [1]
    .data            inited   0x2000'00a8     0x4  Picture.o [1]
    .data            inited   0x2000'00ac     0x4  Picture.o [1]
    .data            inited   0x2000'00b0    0x24  SEEKFREE_MT9V03X.o [1]
    .data            inited   0x2000'00d4    0x20  SEEKFREE_MT9V03X.o [1]
    .data            inited   0x2000'00f4     0x4  system_mm32f327x.o [1]
    .data            inited   0x2000'00f8    0x20  zf_gpio.o [1]
    .data            inited   0x2000'0118     0xc  zf_spi.o [1]
    .data            inited   0x2000'0124    0x20  zf_tim.o [1]
    .data            inited   0x2000'0144    0x20  zf_uart.o [1]
    .data            inited   0x2000'0164     0x8  zf_uart.o [1]
    .data            inited   0x2000'016c     0x2  SEEKFREE_IIC.o [1]
    .data            inited   0x2000'016e     0x1  Picture.o [1]
    .data            inited   0x2000'016f     0x1  Picture.o [1]
    .data            inited   0x2000'0170     0x1  zf_flash.o [1]
    .data            inited   0x2000'0171     0x1  zf_flash.o [1]
                            - 0x2000'0172   0x172

"P2", part 2 of 3:                         0x2934
  .bss               zero     0x2000'0174  0x2580  SEEKFREE_MT9V03X.o [1]
  .bss               zero     0x2000'26f4    0xf0  Picture.o [1]
  .bss               zero     0x2000'27e4    0xf0  Picture.o [1]
  .bss               zero     0x2000'28d4    0xf0  Picture.o [1]
  .bss               zero     0x2000'29c4    0x10  SEEKFREE_MT9V03X.o [1]
  .bss               zero     0x2000'29d4     0x8  Control.o [1]
  .bss               zero     0x2000'29dc     0x8  Control.o [1]
  .bss               zero     0x2000'29e4     0x4  common.o [1]
  .bss               zero     0x2000'29e8     0x4  Control.o [1]
  .bss               zero     0x2000'29ec     0x4  Control.o [1]
  .bss               zero     0x2000'29f0     0x4  Control.o [1]
  .bss               zero     0x2000'29f4     0x4  Control.o [1]
  .bss               zero     0x2000'29f8     0x4  Control.o [1]
  .bss               zero     0x2000'29fc     0x4  Control.o [1]
  .bss               zero     0x2000'2a00     0x4  Control.o [1]
  .bss               zero     0x2000'2a04     0x4  Control.o [1]
  .bss               zero     0x2000'2a08     0x4  Control.o [1]
  .bss               zero     0x2000'2a0c     0x4  Control.o [1]
  .bss               zero     0x2000'2a10     0x4  Control.o [1]
  .bss               zero     0x2000'2a14     0x4  Control.o [1]
  .bss               zero     0x2000'2a18     0x4  Control.o [1]
  .bss               zero     0x2000'2a1c     0x4  Control.o [1]
  .bss               zero     0x2000'2a20     0x4  Control.o [1]
  .bss               zero     0x2000'2a24     0x4  Control.o [1]
  .bss               zero     0x2000'2a28     0x4  Control.o [1]
  .bss               zero     0x2000'2a2c     0x4  Control.o [1]
  .bss               zero     0x2000'2a30     0x4  Control.o [1]
  .bss               zero     0x2000'2a34     0x4  Control.o [1]
  .bss               zero     0x2000'2a38     0x4  Control.o [1]
  .bss               zero     0x2000'2a3c     0x4  Control.o [1]
  .bss               zero     0x2000'2a40     0x4  Control.o [1]
  .bss               zero     0x2000'2a44     0x4  Control.o [1]
  .bss               zero     0x2000'2a48     0x4  Control.o [1]
  .bss               zero     0x2000'2a4c     0x4  Control.o [1]
  .bss               zero     0x2000'2a50     0x4  Control.o [1]
  .bss               zero     0x2000'2a54     0x4  Control.o [1]
  .bss               zero     0x2000'2a58     0x4  MENU.o [1]
  .bss               zero     0x2000'2a5c     0x4  MENU.o [1]
  .bss               zero     0x2000'2a60     0x4  MENU.o [1]
  .bss               zero     0x2000'2a64     0x4  Picture.o [1]
  .bss               zero     0x2000'2a68     0x4  Picture.o [1]
  .bss               zero     0x2000'2a6c     0x4  Picture.o [1]
  .bss               zero     0x2000'2a70     0x4  Picture.o [1]
  .bss               zero     0x2000'2a74     0x4  Picture.o [1]
  .bss               zero     0x2000'2a78     0x4  Picture.o [1]
  .bss               zero     0x2000'2a7c     0x4  Picture.o [1]
  .bss               zero     0x2000'2a80     0x4  Picture.o [1]
  .bss               zero     0x2000'2a84     0x4  Picture.o [1]
  .bss               zero     0x2000'2a88     0x4  SEEKFREE_MT9V03X.o [1]
  .bss               zero     0x2000'2a8c     0x4  SEEKFREE_UART_7725.o [1]
  .bss               zero     0x2000'2a90     0x2  SEEKFREE_ICM20602.o [1]
  .bss               zero     0x2000'2a92     0x2  SEEKFREE_ICM20602.o [1]
  .bss               zero     0x2000'2a94     0x2  SEEKFREE_ICM20602.o [1]
  .bss               zero     0x2000'2a96     0x2  SEEKFREE_ICM20602.o [1]
  .bss               zero     0x2000'2a98     0x2  SEEKFREE_ICM20602.o [1]
  .bss               zero     0x2000'2a9a     0x2  SEEKFREE_ICM20602.o [1]
  .bss               zero     0x2000'2a9c     0x1  common.o [1]
  .bss               zero     0x2000'2a9d     0x1  Control.o [1]
  .bss               zero     0x2000'2a9e     0x1  Control.o [1]
  .bss               zero     0x2000'2a9f     0x1  MENU.o [1]
  .bss               zero     0x2000'2aa0     0x1  SEEKFREE_7725.o [1]
  .bss               zero     0x2000'2aa1     0x1  SEEKFREE_MT9V03X.o [1]
  .bss               zero     0x2000'2aa2     0x1  SEEKFREE_MT9V03X.o [1]
  .bss               zero     0x2000'2aa3     0x1  SEEKFREE_MT9V03X.o [1]
  .bss               zero     0x2000'2aa4     0x1  SEEKFREE_UART_7725.o [1]
  .bss               zero     0x2000'2aa5     0x1  SEEKFREE_UART_7725.o [1]
  .bss               zero     0x2000'2aa6     0x1  SEEKFREE_UART_7725.o [1]
                            - 0x2000'2aa7  0x2933

"P2", part 3 of 3:                          0x800
  CSTACK                      0x2000'2aa8   0x800  <Block>
    CSTACK           uninit   0x2000'2aa8   0x800  <Block tail>
                            - 0x2000'32a8   0x800

Unused ranges:

         From           To      Size
         ----           --      ----
   0x800'77cf   0x807'ffff  0x7'8831
  0x2000'0172  0x2000'0173       0x2
  0x2000'32a8  0x2001'ffff  0x1'cd58


*******************************************************************************
*** INIT TABLE
***

          Address      Size
          -------      ----
Zero (__iar_zero_init3)
    1 destination range, total size 0x2933:
          0x2000'0174  0x2933

Copy/lz77 (__iar_lz77_init_single3)
    1 source range, total size 0x113 (74% of destination):
           0x800'76bc   0x113
    1 destination range, total size 0x172:
          0x2000'0000   0x172



*******************************************************************************
*** MODULE SUMMARY
***

    Module                   ro code  ro data  rw data
    ------                   -------  -------  -------
command line/config:
    --------------------------------------------------
    Total:

D:\双车代码\电赛真B\Project\IAR\program\Debug\Obj: [1]
    Control.o                  4 112       89      250
    MENU.o                     4 640      494       21
    Picture.o                  1 970       36      806
    SEEKFREE_18TFT.o           2 328
    SEEKFREE_7725.o               52                 1
    SEEKFREE_FONT.o                     1 520
    SEEKFREE_ICM20602.o          312                12
    SEEKFREE_IIC.o               796        2        2
    SEEKFREE_MT9V03X.o           632       51    9 691
    SEEKFREE_PRINTF.o            916
    SEEKFREE_UART_7725.o         124                 7
    common.o                      44                 5
    hal_dma.o                    296
    hal_exti.o                   312
    hal_flash.o                  256
    hal_misc.o                   112
    hal_rcc.o                    108
    hal_tim.o                    312
    isr.o                      1 316
    main.o                       152
    startup_mm32f327x_iar.o      418
    system_mm32f327x.o           688        3        4
    zf_camera.o                  468
    zf_exti.o                    264
    zf_flash.o                   320        2        2
    zf_gpio.o                    736       24       32
    zf_pit.o                     268        8
    zf_pwm.o                     952
    zf_spi.o                     704        9       12
    zf_systick.o                  80
    zf_tim.o                     464       23       32
    zf_uart.o                    640       30       40
    --------------------------------------------------
    Total:                    24 792    2 291   10 917

dl7M_tlf.a: [2]
    abs.o                          8
    exit.o                         4
    low_level_init.o               4
    --------------------------------------------------
    Total:                        16

m7M_tl.a: [3]
    DblAdd.o                     378
    DblCmpEq.o                    32
    DblCmpGe.o                    46
    DblCmpLe.o                    46
    DblDiv.o                     582
    DblMul.o                     418
    DblSub.o                     226
    DblToFlt.o                   104
    DblToS32.o                    58
    DblToU32.o                    40
    FltAdd.o                     226
    FltCmpLe.o                    36
    FltDiv.o                     252
    FltMul.o                     216
    FltSub.o                     128
    FltToDbl.o                    72
    FltToS32.o                    42
    S32ToDbl.o                    34
    S32ToFlt.o                    36
    U32ToFlt.o                    28
    --------------------------------------------------
    Total:                     3 000

rt7M_tl.a: [4]
    ABImemclr4.o                   6
    ABImemcpy.o                  166
    ABImemset48.o                 50
    cexit.o                       10
    cmain.o                       30
    cstartup_M.o                  12
    data_init.o                   40
    lz77_init_single.o           122
    zero_init3.o                  58
    --------------------------------------------------
    Total:                       494

shb_l.a: [5]
    exit.o                        20
    --------------------------------------------------
    Total:                        20

    Gaps                          24        2
    Linker created                         32    2 048
------------------------------------------------------
    Grand Total:              28 346    2 325   12 965


*******************************************************************************
*** ENTRY LIST
***

Entry                       Address    Size  Type      Object
-----                       -------    ----  ----      ------
.iar.init_table$$Base    0x800'7448           --   Gb  - Linker created -
.iar.init_table$$Limit   0x800'7468           --   Gb  - Linker created -
?main                    0x800'7469          Code  Gb  cmain.o [4]
Angle                   0x2000'29fc     0x4  Data  Gb  Control.o [1]
AutoCalPllFactor         0x800'711d    0x54  Code  Gb  system_mm32f327x.o [1]
Black                   0x2000'0090     0x4  Data  Gb  Picture.o [1]
BusFault_Handler         0x800'3ebf     0x2  Code  Gb  common.o [1]
CSTACK$$Base            0x2000'2aa8           --   Gb  - Linker created -
CSTACK$$Limit           0x2000'32a8           --   Gb  - Linker created -
DELAY_xUs                0x800'7171    0x2e  Code  Lc  system_mm32f327x.o [1]
DMA1_Channel1_IRQHandler
                         0x800'6e6b    0x14  Code  Gb  isr.o [1]
DMA1_Channel2_IRQHandler
                         0x800'6e7f    0x14  Code  Gb  isr.o [1]
DMA1_Channel3_IRQHandler
                         0x800'6e93    0x18  Code  Gb  isr.o [1]
DMA1_Channel4_IRQHandler
                         0x800'6eab    0x3e  Code  Gb  isr.o [1]
DMA1_Channel5_IRQHandler
                         0x800'6ee9    0x18  Code  Gb  isr.o [1]
DMA1_Channel6_IRQHandler
                         0x800'6f01    0x18  Code  Gb  isr.o [1]
DMA1_Channel7_IRQHandler
                         0x800'6f19    0x18  Code  Gb  isr.o [1]
DMA2_Channel1_IRQHandler
                         0x800'6f31    0x16  Code  Gb  isr.o [1]
DMA2_Channel2_IRQHandler
                         0x800'6f47    0x16  Code  Gb  isr.o [1]
DMA2_Channel3_IRQHandler
                         0x800'6f5d    0x16  Code  Gb  isr.o [1]
DMA2_Channel4_IRQHandler
                         0x800'6f73    0x16  Code  Gb  isr.o [1]
DMA2_Channel5_IRQHandler
                         0x800'6f89    0x16  Code  Gb  isr.o [1]
DMA_ClearFlag            0x800'475f    0x12  Code  Gb  hal_dma.o [1]
DMA_Cmd                  0x800'470b     0xe  Code  Gb  hal_dma.o [1]
DMA_DeInit               0x800'4661    0x5a  Code  Gb  hal_dma.o [1]
DMA_GetFlagStatus        0x800'4735    0x2a  Code  Gb  hal_dma.o [1]
DMA_ITConfig             0x800'4719    0x1c  Code  Gb  hal_dma.o [1]
DMA_Init                 0x800'46bb    0x50  Code  Gb  hal_dma.o [1]
DebugMon_Handler         0x800'3ec5     0x2  Code  Gb  common.o [1]
EXTI0_IRQHandler         0x800'6d11     0xa  Code  Gb  isr.o [1]
EXTI15_10_IRQHandler     0x800'6def    0x7c  Code  Gb  isr.o [1]
EXTI1_IRQHandler         0x800'6d1b     0xa  Code  Gb  isr.o [1]
EXTI2_IRQHandler         0x800'6d25    0x22  Code  Gb  isr.o [1]
EXTI3_IRQHandler         0x800'6d47    0x1c  Code  Gb  isr.o [1]
EXTI4_IRQHandler         0x800'6d63     0xa  Code  Gb  isr.o [1]
EXTI9_5_IRQHandler       0x800'6d6d    0x82  Code  Gb  isr.o [1]
EXTI_ClearFlag           0x800'435d     0x6  Code  Gb  hal_exti.o [1]
EXTI_GetITStatus         0x800'4363    0x1a  Code  Gb  hal_exti.o [1]
EXTI_Init                0x800'42a7    0xa4  Code  Gb  hal_exti.o [1]
EXTI_LineConfig          0x800'425d    0x4a  Code  Gb  hal_exti.o [1]
EXTI_StructInit          0x800'434b    0x12  Code  Gb  hal_exti.o [1]
FLASH_ClearFlag          0x800'3477     0x8  Code  Gb  hal_flash.o [1]
FLASH_ErasePage          0x800'3415    0x22  Code  Gb  hal_flash.o [1]
FLASH_GetStatus          0x800'347f    0x2c  Code  Gb  hal_flash.o [1]
FLASH_Lock               0x800'33fd     0xc  Code  Gb  hal_flash.o [1]
FLASH_ProgramHalfWord    0x800'3437    0x16  Code  Gb  hal_flash.o [1]
FLASH_ProgramWord        0x800'344d    0x2a  Code  Gb  hal_flash.o [1]
FLASH_Unlock             0x800'3409     0xc  Code  Gb  hal_flash.o [1]
FLASH_WaitForLastOperation
                         0x800'34ab    0x38  Code  Gb  hal_flash.o [1]
GET_CFG                 0x2000'00d4    0x20  Data  Gb  SEEKFREE_MT9V03X.o [1]
HIGHT                   0x2000'0088     0x4  Data  Gb  Picture.o [1]
HardFault_Handler        0x800'3ebb     0x2  Code  Gb  common.o [1]
LOW                     0x2000'0080     0x4  Data  Gb  Picture.o [1]
L_error                 0x2000'29d4     0x8  Data  Gb  Control.o [1]
L_side                  0x2000'26f4    0xf0  Data  Gb  Picture.o [1]
MT9V03X_CFG             0x2000'00b0    0x24  Data  Gb  SEEKFREE_MT9V03X.o [1]
MemManage_Handler        0x800'3ebd     0x2  Code  Gb  common.o [1]
NMI_Handler              0x800'3eb9     0x2  Code  Gb  common.o [1]
NVIC_Init                0x800'4109    0x5e  Code  Gb  hal_misc.o [1]
OTSU                     0x800'62ed   0x1be  Code  Gb  Picture.o [1]
PendSV_Handler           0x800'3ec7     0x2  Code  Gb  common.o [1]
RCC_AHBPeriphClockCmd    0x800'409d    0x20  Code  Gb  hal_rcc.o [1]
RCC_APB1PeriphClockCmd   0x800'40dd    0x20  Code  Gb  hal_rcc.o [1]
RCC_APB2PeriphClockCmd   0x800'40bd    0x20  Code  Gb  hal_rcc.o [1]
R_error                 0x2000'29dc     0x8  Data  Gb  Control.o [1]
R_side                  0x2000'27e4    0xf0  Data  Gb  Picture.o [1]
Region$$Table$$Base      0x800'7448           --   Gb  - Linker created -
Region$$Table$$Limit     0x800'7468           --   Gb  - Linker created -
STOP                     0x800'5739   0x12c  Code  Gb  Control.o [1]
SVC_Handler              0x800'3ec3     0x2  Code  Gb  common.o [1]
SetSysClock              0x800'719f    0x26  Code  Lc  system_mm32f327x.o [1]
SetSysClockToXX          0x800'71c5   0x170  Code  Lc  system_mm32f327x.o [1]
Speed_loop               0x800'5515   0x1dc  Code  Gb  Control.o [1]
SystemCoreClock         0x2000'00f4     0x4  Data  Gb  system_mm32f327x.o [1]
SystemInit               0x800'70d9    0x44  Code  Gb  system_mm32f327x.o [1]
TIM1_UP_IRQHandler       0x800'6b05    0x10  Code  Gb  isr.o [1]
TIM2_IRQHandler          0x800'6b25    0x10  Code  Gb  isr.o [1]
TIM3_IRQHandler          0x800'6b45    0x10  Code  Gb  isr.o [1]
TIM4_IRQHandler          0x800'6b55    0x10  Code  Gb  isr.o [1]
TIM5_IRQHandler          0x800'6b35    0x10  Code  Gb  isr.o [1]
TIM6_IRQHandler          0x800'6b65    0x16  Code  Gb  isr.o [1]
TIM6_zhoduan             0x800'48c1   0x2c0  Code  Gb  Control.o [1]
TIM7_IRQHandler          0x800'6b7b    0x16  Code  Gb  isr.o [1]
TIM8_UP_IRQHandler       0x800'6b15    0x10  Code  Gb  isr.o [1]
TIM_Cmd                  0x800'47fd    0x1a  Code  Gb  hal_tim.o [1]
TIM_DMACmd               0x800'4817    0x1c  Code  Gb  hal_tim.o [1]
TIM_ETRClockMode1Config
                         0x800'4867    0x1a  Code  Gb  hal_tim.o [1]
TIM_ETRConfig            0x800'4833    0x34  Code  Gb  hal_tim.o [1]
TIM_SelectInputTrigger   0x800'4881     0xe  Code  Gb  hal_tim.o [1]
TIM_SelectMasterSlaveMode
                         0x800'489d     0xe  Code  Gb  hal_tim.o [1]
TIM_SelectSlaveMode      0x800'488f     0xe  Code  Gb  hal_tim.o [1]
TIM_TimeBaseInit         0x800'4789    0x74  Code  Gb  hal_tim.o [1]
UART1_IRQHandler         0x800'6b91    0x2a  Code  Gb  isr.o [1]
UART2_IRQHandler         0x800'6bbb    0x2a  Code  Gb  isr.o [1]
UART3_IRQHandler         0x800'6be5    0x2a  Code  Gb  isr.o [1]
UART4_IRQHandler         0x800'6c0f    0x3e  Code  Gb  isr.o [1]
UART5_IRQHandler         0x800'6c4d    0x2a  Code  Gb  isr.o [1]
UART6_IRQHandler         0x800'6c77    0x2a  Code  Gb  isr.o [1]
UART7_IRQHandler         0x800'6ca1    0x2a  Code  Gb  isr.o [1]
UART8_IRQHandler         0x800'6ccb    0x46  Code  Gb  isr.o [1]
UsageFault_Handler       0x800'3ec1     0x2  Code  Gb  common.o [1]
VI                      0x2000'004c     0x4  Data  Gb  Control.o [1]
VP                      0x2000'0048     0x4  Data  Gb  Control.o [1]
__Vectors                0x800'0000           --   Gb  startup_mm32f327x_iar.o [1]
__Vectors_End            0x800'0190          Data  Gb  startup_mm32f327x_iar.o [1]
__Vectors_Size {Abs}          0x190           --   Gb  startup_mm32f327x_iar.o [1]
__aeabi_cdcmpeq          0x800'4641          Code  Gb  DblCmpEq.o [3]
__aeabi_cdcmple          0x800'37bd          Code  Gb  DblCmpLe.o [3]
__aeabi_cdrcmple         0x800'5c21          Code  Gb  DblCmpGe.o [3]
__aeabi_cfcmple          0x800'64bd          Code  Gb  FltCmpLe.o [3]
__aeabi_d2f              0x800'3039          Code  Gb  DblToFlt.o [3]
__aeabi_d2iz             0x800'443d          Code  Gb  DblToS32.o [3]
__aeabi_d2uiz            0x800'5c51          Code  Gb  DblToU32.o [3]
__aeabi_dadd             0x800'2e45          Code  Gb  DblAdd.o [3]
__aeabi_ddiv             0x800'58d1          Code  Gb  DblDiv.o [3]
__aeabi_dmul             0x800'449d          Code  Gb  DblMul.o [3]
__aeabi_dsub             0x800'4179          Code  Gb  DblSub.o [3]
__aeabi_f2d              0x800'2dfd          Code  Gb  FltToDbl.o [3]
__aeabi_f2iz             0x800'3399          Code  Gb  FltToS32.o [3]
__aeabi_fadd             0x800'5b3d          Code  Gb  FltAdd.o [3]
__aeabi_fdiv             0x800'31c5          Code  Gb  FltDiv.o [3]
__aeabi_fmul             0x800'32c1          Code  Gb  FltMul.o [3]
__aeabi_fsub             0x800'5c79          Code  Gb  FltSub.o [3]
__aeabi_i2d              0x800'4479          Code  Gb  S32ToDbl.o [3]
__aeabi_i2f              0x800'5b19          Code  Gb  S32ToFlt.o [3]
__aeabi_memclr4          0x800'64b5          Code  Gb  ABImemclr4.o [4]
__aeabi_memcpy           0x800'4395          Code  Gb  ABImemcpy.o [4]
__aeabi_memcpy4          0x800'43b5          Code  Gb  ABImemcpy.o [4]
__aeabi_memcpy8          0x800'43b5          Code  Gb  ABImemcpy.o [4]
__aeabi_ui2f             0x800'31a9          Code  Gb  U32ToFlt.o [3]
__cmain                  0x800'7469          Code  Gb  cmain.o [4]
__exit                   0x800'749d    0x14  Code  Gb  exit.o [5]
__iar_Memset4_word       0x800'64e1          Code  Gb  ABImemset48.o [4]
__iar_Memset8_word       0x800'64e1          Code  Gb  ABImemset48.o [4]
__iar_dadd               0x800'4189          Code  Gb  DblSub.o [3]
__iar_data_init3         0x800'7421    0x28  Code  Gb  data_init.o [4]
__iar_dsub               0x800'2e55          Code  Gb  DblAdd.o [3]
__iar_dsubStart          0x800'2e67          Code  Gb  DblAdd.o [3]
__iar_fadd               0x800'5c85          Code  Gb  FltSub.o [3]
__iar_fsub               0x800'5b49          Code  Gb  FltAdd.o [3]
__iar_fsubStart          0x800'5b59          Code  Gb  FltAdd.o [3]
__iar_lz77_init_single3
                         0x800'2fbf    0x7a  Code  Gb  lz77_init_single.o [4]
__iar_program_start      0x800'7609          Code  Gb  cstartup_M.o [4]
__iar_zero_init3         0x800'33c3    0x3a  Code  Gb  zero_init3.o [4]
__low_level_init         0x800'7487     0x4  Code  Gb  low_level_init.o [2]
__vector_table           0x800'0000          Data  Gb  startup_mm32f327x_iar.o [1]
__vector_table_0x1c      0x800'001c          Data  Gb  startup_mm32f327x_iar.o [1]
_call_main               0x800'7475          Code  Gb  cmain.o [4]
_exit                    0x800'7491          Code  Gb  cexit.o [4]
_main                    0x800'7483          Code  Gb  cmain.o [4]
abs                      0x800'64ab     0x8  Code  Gb  abs.o [2]
add                     0x2000'2a6c     0x4  Data  Gb  Picture.o [1]
afio_init                0x800'151f    0xe8  Code  Gb  zf_gpio.o [1]
angle_ji                0x2000'2a14     0x4  Data  Gb  Control.o [1]
banma_4                 0x2000'2a34     0x4  Data  Gb  Control.o [1]
beep                     0x800'1215    0x3c  Code  Gb  MENU.o [1]
beepds                  0x2000'2a5c     0x4  Data  Gb  MENU.o [1]
ca_su                   0x2000'0020     0x4  Data  Gb  Control.o [1]
caidan                   0x800'0305   0xe9c  Code  Gb  MENU.o [1]
camera_buffer_addr      0x2000'29e4     0x4  Data  Gb  common.o [1]
camera_dma_init          0x800'3ec9    0x82  Code  Gb  zf_camera.o [1]
camera_tim_etr_init      0x800'3f4b   0x14c  Code  Gb  zf_camera.o [1]
camera_type             0x2000'2a9c     0x1  Data  Gb  common.o [1]
car_4_mc                0x2000'2a30     0x4  Data  Gb  Control.o [1]
car_zk                  0x2000'0070     0x4  Data  Gb  Control.o [1]
choci                   0x2000'2a44     0x4  Data  Gb  Control.o [1]
csh                      0x800'0191   0x170  Code  Gb  MENU.o [1]
dd1                     0x2000'2a74     0x4  Data  Gb  Picture.o [1]
dd2                     0x2000'2a78     0x4  Data  Gb  Picture.o [1]
ddd                     0x2000'2a70     0x4  Data  Gb  Picture.o [1]
dde                     0x2000'2a7c     0x4  Data  Gb  Picture.o [1]
de1                     0x2000'2a80     0x4  Data  Gb  Picture.o [1]
de2                     0x2000'2a84     0x4  Data  Gb  Picture.o [1]
delay_time              0x2000'2a20     0x4  Data  Gb  Control.o [1]
delay_time_1            0x2000'2a24     0x4  Data  Gb  Control.o [1]
drath                   0x2000'0094     0x4  Data  Gb  Picture.o [1]
drath_banma             0x2000'0098     0x4  Data  Gb  Picture.o [1]
duty                    0x2000'29e8     0x4  Data  Gb  Control.o [1]
err_ft                  0x2000'2a64     0x4  Data  Gb  Picture.o [1]
err_ft_bu               0x2000'2a68     0x4  Data  Gb  Picture.o [1]
err_kz                  0x2000'006c     0x4  Data  Gb  Control.o [1]
exit                     0x800'748b     0x4  Code  Gb  exit.o [2]
expd_speed              0x2000'000c     0x4  Data  Gb  Control.o [1]
expd_speed_low          0x2000'0018     0x4  Data  Gb  Control.o [1]
exti_even_disable        0x800'3189    0x16  Code  Gb  zf_exti.o [1]
exti_interrupt_init      0x800'30a1    0xe8  Code  Gb  zf_exti.o [1]
find_side                0x800'5d5b   0x20c  Code  Gb  Picture.o [1]
first_4_sizi            0x2000'2a38     0x4  Data  Gb  Control.o [1]
first_go_go             0x2000'2a3c     0x4  Data  Gb  Control.o [1]
first_sizi              0x2000'2a04     0x4  Data  Gb  Control.o [1]
flash_check              0x800'1c19    0x3c  Code  Gb  zf_flash.o [1]
flash_erase_page         0x800'1c55    0x48  Code  Gb  zf_flash.o [1]
flash_erase_page::gFlashStatus
                        0x2000'0170     0x1  Data  Lc  zf_flash.o [1]
flash_image             0x2000'29c4    0x10  Data  Gb  SEEKFREE_MT9V03X.o [1]
flash_page_program       0x800'1cd9    0x78  Code  Gb  zf_flash.o [1]
flash_page_program::gFlashStatus
                        0x2000'0171     0x1  Data  Lc  zf_flash.o [1]
flash_page_read          0x800'1c9d    0x3c  Code  Gb  zf_flash.o [1]
fuzz_kp                 0x2000'0008     0x4  Data  Gb  Control.o [1]
get_config               0x800'287d    0x62  Code  Gb  SEEKFREE_MT9V03X.o [1]
get_icm20602_accdata     0x800'2707    0x44  Code  Gb  SEEKFREE_ICM20602.o [1]
get_icm20602_gyro        0x800'274b    0x46  Code  Gb  SEEKFREE_ICM20602.o [1]
go_flash                0x2000'0074     0x4  Data  Gb  Control.o [1]
go_shizi                0x2000'2a50     0x4  Data  Gb  Control.o [1]
gogogo_dis              0x2000'0034     0x4  Data  Gb  Control.o [1]
gpio_get                 0x800'1665    0x22  Code  Gb  zf_gpio.o [1]
gpio_group              0x2000'00f8    0x20  Data  Gb  zf_gpio.o [1]
gpio_init                0x800'13b1   0x16e  Code  Gb  zf_gpio.o [1]
gpio_set                 0x800'1607    0x5e  Code  Gb  zf_gpio.o [1]
hope                    0x2000'2a08     0x4  Data  Gb  Control.o [1]
hopes                   0x2000'0058     0x4  Data  Gb  Control.o [1]
icm20602_init            0x800'2691    0x76  Code  Gb  SEEKFREE_ICM20602.o [1]
icm20602_self1_check     0x800'2671    0x20  Code  Lc  SEEKFREE_ICM20602.o [1]
icm_acc_x               0x2000'2a96     0x2  Data  Gb  SEEKFREE_ICM20602.o [1]
icm_acc_y               0x2000'2a98     0x2  Data  Gb  SEEKFREE_ICM20602.o [1]
icm_acc_z               0x2000'2a9a     0x2  Data  Gb  SEEKFREE_ICM20602.o [1]
icm_gyro_x              0x2000'2a90     0x2  Data  Gb  SEEKFREE_ICM20602.o [1]
icm_gyro_y              0x2000'2a92     0x2  Data  Gb  SEEKFREE_ICM20602.o [1]
icm_gyro_z              0x2000'2a94     0x2  Data  Gb  SEEKFREE_ICM20602.o [1]
image_yun               0x2000'008c     0x4  Data  Gb  Picture.o [1]
in_huan_dian            0x2000'00ac     0x4  Data  Gb  Picture.o [1]
into_home                0x800'6113    0x7c  Code  Gb  Picture.o [1]
into_yuan               0x2000'00a4     0x4  Data  Gb  Picture.o [1]
jifen_angle             0x2000'005c     0x4  Data  Gb  Control.o [1]
juy_banma_4              0x800'618f    0xdc  Code  Gb  Picture.o [1]
kd                      0x2000'0054     0x4  Data  Gb  Control.o [1]
kd_g                    0x2000'0004     0x4  Data  Gb  Control.o [1]
key_judge                0x800'11d1    0x44  Code  Gb  MENU.o [1]
know_ft                 0x2000'2a4c     0x4  Data  Gb  Control.o [1]
kp                      0x2000'0050     0x4  Data  Gb  Control.o [1]
kp_g                    0x2000'0000     0x4  Data  Gb  Control.o [1]
kp_low                  0x2000'0014     0x4  Data  Gb  Control.o [1]
kp_speed                0x2000'0010     0x4  Data  Gb  Control.o [1]
kp_tai                  0x2000'001c     0x4  Data  Gb  Control.o [1]
l_dra                    0x800'5cf9    0x32  Code  Gb  Picture.o [1]
lcd_clear                0x800'1e71    0x36  Code  Gb  SEEKFREE_18TFT.o [1]
lcd_displayimage032      0x800'242b   0x104  Code  Gb  SEEKFREE_18TFT.o [1]
lcd_displayimage032_hui
                         0x800'2535   0x114  Code  Gb  SEEKFREE_18TFT.o [1]
lcd_init                 0x800'1ea7   0x29e  Code  Gb  SEEKFREE_18TFT.o [1]
lcd_set_region           0x800'1e13    0x5e  Code  Lc  SEEKFREE_18TFT.o [1]
lcd_showchar             0x800'2145    0x8a  Code  Gb  SEEKFREE_18TFT.o [1]
lcd_showfloat            0x800'237b    0xb0  Code  Gb  SEEKFREE_18TFT.o [1]
lcd_showint16            0x800'22a7    0xd4  Code  Gb  SEEKFREE_18TFT.o [1]
lcd_showint8             0x800'2207    0xa0  Code  Gb  SEEKFREE_18TFT.o [1]
lcd_showstr              0x800'21cf    0x38  Code  Gb  SEEKFREE_18TFT.o [1]
lcd_writeData            0x800'1d93    0x3a  Code  Lc  SEEKFREE_18TFT.o [1]
lcd_writeIndex           0x800'1d59    0x3a  Code  Lc  SEEKFREE_18TFT.o [1]
lcd_writedata_16bit      0x800'1dcd    0x46  Code  Lc  SEEKFREE_18TFT.o [1]
left_duty               0x2000'29f4     0x4  Data  Gb  Control.o [1]
left_hope               0x2000'2a0c     0x4  Data  Gb  Control.o [1]
low_yaun                0x2000'0084     0x4  Data  Gb  Picture.o [1]
lu_sz                   0x2000'0064     0x8  Data  Gb  Control.o [1]
main                     0x800'7389    0x98  Code  Gb  main.o [1]
mc_dis                  0x2000'0060     0x4  Data  Gb  Control.o [1]
mid                     0x2000'28d4    0xf0  Data  Gb  Picture.o [1]
mt9v03x_dma              0x800'29d5    0x14  Code  Gb  SEEKFREE_MT9V03X.o [1]
mt9v03x_dma_init         0x800'2915    0x48  Code  Gb  SEEKFREE_MT9V03X.o [1]
mt9v03x_exti_init        0x800'28df    0x28  Code  Gb  SEEKFREE_MT9V03X.o [1]
mt9v03x_finish_flag     0x2000'2aa1     0x1  Data  Gb  SEEKFREE_MT9V03X.o [1]
mt9v03x_image           0x2000'0174  0x2580  Data  Gb  SEEKFREE_MT9V03X.o [1]
mt9v03x_init             0x800'295d    0x64  Code  Gb  SEEKFREE_MT9V03X.o [1]
mt9v03x_tim1_etr_init    0x800'2907     0xe  Code  Gb  SEEKFREE_MT9V03X.o [1]
mt9v03x_uart_callback    0x800'27a9    0x36  Code  Gb  SEEKFREE_MT9V03X.o [1]
mt9v03x_vsync            0x800'29c1    0x14  Code  Gb  SEEKFREE_MT9V03X.o [1]
no_ft                   0x2000'2a2c     0x4  Data  Gb  Control.o [1]
number_conversion_ascii
                         0x800'37ed    0x6c  Code  Gb  SEEKFREE_PRINTF.o [1]
nvic_init                0x800'3e9d    0x1c  Code  Gb  common.o [1]
on_shizi                 0x800'5f67   0x1ac  Code  Gb  Picture.o [1]
opmv_data               0x2000'2a9e     0x1  Data  Gb  Control.o [1]
out_yuan                0x2000'00a8     0x4  Data  Gb  Picture.o [1]
ov7725_cof_uart_interrupt
                         0x800'7029    0x36  Code  Gb  SEEKFREE_UART_7725.o [1]
ov7725_dma               0x800'70b9    0x14  Code  Gb  SEEKFREE_7725.o [1]
ov7725_finish_flag      0x2000'2aa0     0x1  Data  Gb  SEEKFREE_7725.o [1]
ov7725_uart_dma          0x800'7073    0x14  Code  Gb  SEEKFREE_UART_7725.o [1]
ov7725_uart_finish_flag
                        0x2000'2aa4     0x1  Data  Gb  SEEKFREE_UART_7725.o [1]
ov7725_uart_receive     0x2000'2a8c     0x4  Data  Lc  SEEKFREE_UART_7725.o [1]
ov7725_uart_receive_flag
                        0x2000'2aa6     0x1  Data  Lc  SEEKFREE_UART_7725.o [1]
ov7725_uart_receive_num
                        0x2000'2aa5     0x1  Data  Lc  SEEKFREE_UART_7725.o [1]
ov7725_uart_vsync        0x800'705f    0x14  Code  Gb  SEEKFREE_UART_7725.o [1]
ov7725_vsync             0x800'70a5    0x14  Code  Gb  SEEKFREE_7725.o [1]
pche                    0x2000'2a48     0x4  Data  Gb  Control.o [1]
printf_reverse_order     0x800'3859    0x22  Code  Gb  SEEKFREE_PRINTF.o [1]
pwm_duty_updata          0x800'1b61    0xa4  Code  Gb  zf_pwm.o [1]
pwm_init                 0x800'187b   0x2e6  Code  Gb  zf_pwm.o [1]
pwm_pin_init             0x800'1861    0x1a  Code  Lc  zf_pwm.o [1]
quan_while              0x2000'2a00     0x4  Data  Gb  Control.o [1]
r_dra                    0x800'5d2b    0x30  Code  Gb  Picture.o [1]
read_ch                  0x800'3d17    0x80  Code  Lc  SEEKFREE_IIC.o [1]
receive                 0x2000'2a88     0x4  Data  Lc  SEEKFREE_MT9V03X.o [1]
receive_num             0x2000'2aa2     0x1  Data  Lc  SEEKFREE_MT9V03X.o [1]
right_duty              0x2000'29f8     0x4  Data  Gb  Control.o [1]
right_hope              0x2000'2a10     0x4  Data  Gb  Control.o [1]
s_cha_fx                0x2000'016f     0x1  Data  Gb  Picture.o [1]
s_cha_num               0x2000'016e     0x1  Data  Gb  Picture.o [1]
s_p_Angel               0x2000'0024     0x4  Data  Gb  Control.o [1]
s_p_mc                  0x2000'002c     0x4  Data  Gb  Control.o [1]
s_p_speed               0x2000'0028     0x4  Data  Gb  Control.o [1]
sccb_waitack             0x800'3c69    0x50  Code  Lc  SEEKFREE_IIC.o [1]
se                      0x2000'2a9f     0x1  Data  Gb  MENU.o [1]
send_ch                  0x800'3cb9    0x5e  Code  Lc  SEEKFREE_IIC.o [1]
set_config               0x800'27df    0x9e  Code  Gb  SEEKFREE_MT9V03X.o [1]
shizi                   0x2000'2a1c     0x4  Data  Gb  Control.o [1]
shuzi_num               0x2000'0044     0x4  Data  Gb  Control.o [1]
simiic_delay             0x800'3b81    0x10  Code  Lc  SEEKFREE_IIC.o [1]
simiic_delay_time       0x2000'016c     0x2  Data  Lc  SEEKFREE_IIC.o [1]
simiic_init              0x800'3e81    0x1c  Code  Gb  SEEKFREE_IIC.o [1]
simiic_read_reg          0x800'3dcd    0x4a  Code  Gb  SEEKFREE_IIC.o [1]
simiic_read_regs         0x800'3e17    0x6a  Code  Gb  SEEKFREE_IIC.o [1]
simiic_sendack           0x800'3c11    0x58  Code  Lc  SEEKFREE_IIC.o [1]
simiic_start             0x800'3b91    0x3e  Code  Lc  SEEKFREE_IIC.o [1]
simiic_stop              0x800'3bcf    0x42  Code  Lc  SEEKFREE_IIC.o [1]
simiic_write_reg         0x800'3da1    0x2c  Code  Gb  SEEKFREE_IIC.o [1]
sobel_yun               0x2000'009c     0x4  Data  Gb  Picture.o [1]
spi_index               0x2000'0118     0xc  Data  Gb  zf_spi.o [1]
spi_init                 0x800'3579   0x1e4  Code  Gb  zf_spi.o [1]
spi_mosi                 0x800'375d    0x50  Code  Gb  zf_spi.o [1]
spi_pin_init             0x800'34fd    0x7c  Code  Lc  zf_spi.o [1]
stop                    0x2000'0078     0x4  Data  Gb  MENU.o [1]
stop_mc_flash           0x2000'2a40     0x4  Data  Gb  Control.o [1]
stop_time               0x2000'0030     0x4  Data  Gb  Control.o [1]
sum_mc                  0x2000'2a18     0x4  Data  Gb  Control.o [1]
systick_delay            0x800'2dad    0x1e  Code  Gb  zf_systick.o [1]
systick_delay_ms         0x800'2dcb    0x20  Code  Gb  zf_systick.o [1]
t                       0x2000'2a58     0x4  Data  Gb  MENU.o [1]
temp1                   0x2000'0038     0x4  Data  Gb  Control.o [1]
tft_ascii                0x800'6514   0x5f0  Data  Gb  SEEKFREE_FONT.o [1]
tim_counter_get_count    0x800'1841    0x12  Code  Gb  zf_tim.o [1]
tim_counter_init         0x800'16ab   0x184  Code  Gb  zf_tim.o [1]
tim_counter_pin_init     0x800'1691    0x1a  Code  Lc  zf_tim.o [1]
tim_counter_rst          0x800'182f    0x12  Code  Gb  zf_tim.o [1]
tim_index               0x2000'0124    0x20  Data  Gb  zf_tim.o [1]
tim_interrupt_init_ms    0x800'2ca1    0xf6  Code  Gb  zf_pit.o [1]
turn                     0x800'4b85   0x95c  Code  Gb  Control.o [1]
uart_getchar             0x800'2c19    0x1c  Code  Gb  zf_uart.o [1]
uart_index              0x2000'0144    0x20  Data  Gb  zf_uart.o [1]
uart_init                0x800'2a55   0x17a  Code  Gb  zf_uart.o [1]
uart_irq                0x2000'0164     0x8  Data  Gb  zf_uart.o [1]
uart_pin_init            0x800'2a21    0x34  Code  Lc  zf_uart.o [1]
uart_putbuff             0x800'2bed    0x2c  Code  Gb  zf_uart.o [1]
uart_putchar             0x800'2bcf    0x1e  Code  Gb  zf_uart.o [1]
uart_receive_flag       0x2000'2aa3     0x1  Data  Lc  SEEKFREE_MT9V03X.o [1]
uart_rx_irq              0x800'2c35    0x50  Code  Gb  zf_uart.o [1]
v                       0x2000'2a28     0x4  Data  Gb  Control.o [1]
val                     0x2000'29ec     0x4  Data  Gb  Control.o [1]
var                     0x2000'29f0     0x4  Data  Gb  Control.o [1]
very_long_con           0x2000'0040     0x4  Data  Gb  Control.o [1]
very_long_dis           0x2000'003c     0x4  Data  Gb  Control.o [1]
wuxian_data             0x2000'2a9d     0x1  Data  Gb  Control.o [1]
wuyu                    0x2000'2a54     0x4  Data  Gb  Control.o [1]
yaun_s_point            0x2000'007c     0x4  Data  Gb  MENU.o [1]
yidong                  0x2000'00a0     0x4  Data  Gb  Picture.o [1]
zf_sprintf               0x800'387b   0x300  Code  Gb  SEEKFREE_PRINTF.o [1]
zhen_go                 0x2000'2a60     0x4  Data  Gb  MENU.o [1]


[1] = D:\双车代码\电赛真B\Project\IAR\program\Debug\Obj
[2] = dl7M_tlf.a
[3] = m7M_tl.a
[4] = rt7M_tl.a
[5] = shb_l.a

  28 346 bytes of readonly  code memory
   2 325 bytes of readonly  data memory
  12 965 bytes of readwrite data memory

Errors: none
Warnings: none
